
=== Ledu/illinois/cs/osl/aj/testcases/AtomicArrayUnaliasedElements$PersonDB;

* Atomic sets:
  - { entries=['entries[]'] }
  - { entries[] }


=== Ledu/illinois/cs/osl/aj/testcases/AtomicArrayUnaliasedElements$WorkerThread;

* Atomic sets:
  - { database=['entries'] }


=== Ledu/illinois/cs/osl/aj/testcases/AtomicArrayUnaliasedElements;


=== Ledu/illinois/cs/osl/aj/testcases/common/IteratingThread;


=== Ledu/illinois/cs/osl/aj/testcases/common/Person;

* Witnessed non-atomic fields: { firstName }

