
=== Ledu/illinois/cs/osl/aj/testcases/OverlappingAtomicSets$MyAddress;


=== Ledu/illinois/cs/osl/aj/testcases/OverlappingAtomicSets$WorkerThread;


=== Ledu/illinois/cs/osl/aj/testcases/OverlappingAtomicSets;


=== Ledu/illinois/cs/osl/aj/testcases/common/Address;

* Atomic sets:
  - { city, street, zip }


=== Ledu/illinois/cs/osl/aj/testcases/common/IteratingThread;

